exports[`HSL-API should be able to get route 1`] = `
Object {
  "duration": 56,
  "legs": Array [
    Object {
      "distance": 55.397000000000006,
      "duration": 56,
      "from": Object {
        "name": "Origin",
      },
      "mode": "WALK",
      "route": null,
      "to": Object {
        "name": "Destination",
      },
    },
  ],
}
`;

exports[`HSL-API should be able to get route with arriveBy 1`] = `
Object {
  "duration": 56,
  "legs": Array [
    Object {
      "distance": 55.397000000000006,
      "duration": 56,
      "from": Object {
        "name": "Origin",
      },
      "mode": "WALK",
      "route": null,
      "to": Object {
        "name": "Destination",
      },
    },
  ],
}
`;
